127.0.0.1 - - [13/Jul/2018:11:31:01 +0800] "GET /index.html HTTP/1.0" 200 107045 http-bio-8092-exec-1 1091
0:0:0:0:0:0:0:1 - - [13/Jul/2018:11:31:15 +0800] "GET /js/base-v1.js HTTP/1.0" 304 - http-bio-8092-exec-2 14
0:0:0:0:0:0:0:1 - - [13/Jul/2018:11:31:15 +0800] "GET /js/jquery-1.2.6.min.js HTTP/1.0" 304 - http-bio-8092-exec-4 5
127.0.0.1 - - [13/Jul/2018:11:31:15 +0800] "GET /css/jt.css HTTP/1.0" 304 - http-bio-8092-exec-3 122
127.0.0.1 - - [13/Jul/2018:11:31:15 +0800] "GET /images/jt-logo.png HTTP/1.0" 304 - http-bio-8092-exec-5 91
0:0:0:0:0:0:0:1 - - [13/Jul/2018:11:31:16 +0800] "GET /js/jquery-extend.js HTTP/1.0" 304 - http-bio-8092-exec-6 7
127.0.0.1 - - [13/Jul/2018:11:31:16 +0800] "GET /js/jt.js HTTP/1.0" 304 - http-bio-8092-exec-7 5
0:0:0:0:0:0:0:1 - - [13/Jul/2018:11:31:16 +0800] "GET /js/lib-v1.js HTTP/1.0" 304 - http-bio-8092-exec-8 5
127.0.0.1 - - [13/Jul/2018:11:31:16 +0800] "GET /js/home.js HTTP/1.0" 304 - http-bio-8092-exec-9 5
0:0:0:0:0:0:0:1 - - [13/Jul/2018:11:31:16 +0800] "GET /images/20130725.png HTTP/1.0" 304 - http-bio-8092-exec-10 21
127.0.0.1 - - [13/Jul/2018:11:31:16 +0800] "GET /images/20130330A_2.png HTTP/1.0" 304 - http-bio-8092-exec-1 28
0:0:0:0:0:0:0:1 - - [13/Jul/2018:11:31:16 +0800] "GET /images/blank.gif HTTP/1.0" 304 - http-bio-8092-exec-2 12
127.0.0.1 - - [13/Jul/2018:11:31:16 +0800] "GET /images/5440ce68Na00d019e.jpg HTTP/1.0" 304 - http-bio-8092-exec-4 19
0:0:0:0:0:0:0:1 - - [13/Jul/2018:11:31:16 +0800] "GET /images/virtuals-20140606.png HTTP/1.0" 304 - http-bio-8092-exec-3 29
0:0:0:0:0:0:0:1 - - [13/Jul/2018:11:31:16 +0800] "GET /images/loading-jd.gif HTTP/1.0" 304 - http-bio-8092-exec-6 49
127.0.0.1 - - [13/Jul/2018:11:31:16 +0800] "GET /images/20130330C.png HTTP/1.0" 304 - http-bio-8092-exec-7 70
127.0.0.1 - - [13/Jul/2018:11:31:16 +0800] "GET /images/20130330B_1.png HTTP/1.0" 304 - http-bio-8092-exec-5 72
0:0:0:0:0:0:0:1 - - [13/Jul/2018:11:31:17 +0800] "GET /images/error-jd.gif HTTP/1.0" 304 - http-bio-8092-exec-8 15
127.0.0.1 - - [13/Jul/2018:11:31:17 +0800] "GET /images/543b4d75N686689d7.jpg HTTP/1.0" 304 - http-bio-8092-exec-9 29
0:0:0:0:0:0:0:1 - - [13/Jul/2018:11:31:17 +0800] "GET /favicon.ico HTTP/1.0" 404 973 http-bio-8092-exec-10 9
127.0.0.1 - - [13/Jul/2018:11:31:25 +0800] "GET /items/562379.html HTTP/1.0" 200 43427 http-bio-8092-exec-1 3290
0:0:0:0:0:0:0:1 - - [13/Jul/2018:11:31:25 +0800] "GET /css/pshow.css HTTP/1.0" 304 - http-bio-8092-exec-2 62
127.0.0.1 - - [13/Jul/2018:11:31:25 +0800] "GET /js/product.js HTTP/1.0" 304 - http-bio-8092-exec-4 5
0:0:0:0:0:0:0:1 - - [13/Jul/2018:11:31:25 +0800] "GET /js/iplocation_server.js HTTP/1.0" 304 - http-bio-8092-exec-3 6
127.0.0.1 - - [13/Jul/2018:11:31:26 +0800] "GET /images/tab.png HTTP/1.0" 304 - http-bio-8092-exec-6 62
0:0:0:0:0:0:0:1 - - [13/Jul/2018:11:31:26 +0800] "GET /images/newicon20140417.png HTTP/1.0" 304 - http-bio-8092-exec-7 65
127.0.0.1 - - [13/Jul/2018:11:31:26 +0800] "GET /images/p-btns-20140611.png HTTP/1.0" 304 - http-bio-8092-exec-5 71
0:0:0:0:0:0:0:1 - - [13/Jul/2018:11:31:30 +0800] "GET /user/login.html HTTP/1.0" 200 12393 http-bio-8092-exec-8 46
0:0:0:0:0:0:0:1 - - [13/Jul/2018:11:31:30 +0800] "GET /js/login/g.base.js HTTP/1.0" 304 - http-bio-8092-exec-10 6
127.0.0.1 - - [13/Jul/2018:11:31:30 +0800] "GET /js/login/jdEdit.js HTTP/1.0" 304 - http-bio-8092-exec-1 3
0:0:0:0:0:0:0:1 - - [13/Jul/2018:11:31:30 +0800] "GET /js/login/login.js HTTP/1.0" 304 - http-bio-8092-exec-2 4
127.0.0.1 - - [13/Jul/2018:11:31:30 +0800] "GET /js/login/jdThickBox.js HTTP/1.0" 304 - http-bio-8092-exec-4 4
127.0.0.1 - - [13/Jul/2018:11:31:30 +0800] "GET /css/login.css HTTP/1.0" 304 - http-bio-8092-exec-9 37
0:0:0:0:0:0:0:1 - - [13/Jul/2018:11:31:30 +0800] "GET /js/login/checkClient.js HTTP/1.0" 304 - http-bio-8092-exec-3 7
127.0.0.1 - - [13/Jul/2018:11:31:30 +0800] "GET /images/login-all-bg.png HTTP/1.0" 304 - http-bio-8092-exec-6 26
0:0:0:0:0:0:0:1 - - [13/Jul/2018:11:31:30 +0800] "GET /images/544a11d3Na5a3d566.png HTTP/1.0" 304 - http-bio-8092-exec-7 39
127.0.0.1 - - [13/Jul/2018:11:31:33 +0800] "GET /images/sucess.png HTTP/1.0" 304 - http-bio-8092-exec-5 5
0:0:0:0:0:0:0:1 - - [13/Jul/2018:11:31:41 +0800] "POST /service/user/doLogin?r=0.6626862058001368 HTTP/1.0" 200 64 http-bio-8092-exec-8 1957
127.0.0.1 - - [13/Jul/2018:11:34:03 +0800] "GET /user/login.html HTTP/1.0" 200 12393 http-bio-8092-exec-10 11
0:0:0:0:0:0:0:1 - - [13/Jul/2018:11:34:08 +0800] "POST /service/user/doLogin?r=0.8664117141995609 HTTP/1.0" 200 64 http-bio-8092-exec-1 1306
127.0.0.1 - - [13/Jul/2018:11:34:14 +0800] "POST /service/user/doLogin?r=0.9264216397021723 HTTP/1.0" 200 64 http-bio-8092-exec-2 17
0:0:0:0:0:0:0:1 - - [13/Jul/2018:11:34:15 +0800] "POST /service/user/doLogin?r=0.14086364828988107 HTTP/1.0" 200 64 http-bio-8092-exec-4 19
127.0.0.1 - - [13/Jul/2018:11:34:38 +0800] "POST /service/user/doLogin?r=0.66654256743816 HTTP/1.0" 200 64 http-bio-8092-exec-9 22
0:0:0:0:0:0:0:1 - - [13/Jul/2018:11:35:17 +0800] "GET /user/register.html HTTP/1.0" 200 25538 http-bio-8092-exec-3 57
127.0.0.1 - - [13/Jul/2018:11:35:17 +0800] "GET /js/register/jd.lib.js HTTP/1.0" 304 - http-bio-8092-exec-5 5
127.0.0.1 - - [13/Jul/2018:11:35:17 +0800] "GET /css/regist.personal.css HTTP/1.0" 304 - http-bio-8092-exec-6 34
0:0:0:0:0:0:0:1 - - [13/Jul/2018:11:35:17 +0800] "GET /images/phone-bg.jpg HTTP/1.0" 304 - http-bio-8092-exec-8 20
0:0:0:0:0:0:0:1 - - [13/Jul/2018:11:35:17 +0800] "GET /css/passport.base.css HTTP/1.0" 304 - http-bio-8092-exec-7 33
127.0.0.1 - - [13/Jul/2018:11:35:17 +0800] "GET /js/register/jdThickBox.js HTTP/1.0" 304 - http-bio-8092-exec-10 4
0:0:0:0:0:0:0:1 - - [13/Jul/2018:11:35:17 +0800] "GET /js/register/jdValidate.js HTTP/1.0" 304 - http-bio-8092-exec-1 5
0:0:0:0:0:0:0:1 - - [13/Jul/2018:11:35:17 +0800] "GET /js/register/jdValidate.regSuccess.js HTTP/1.0" 304 - http-bio-8092-exec-1 3
127.0.0.1 - - [13/Jul/2018:11:35:17 +0800] "GET /js/register/jdValidate.emReg.js HTTP/1.0" 304 - http-bio-8092-exec-2 5
127.0.0.1 - - [13/Jul/2018:11:35:17 +0800] "GET /images/one5.jpg HTTP/1.0" 304 - http-bio-8092-exec-9 6
0:0:0:0:0:0:0:1 - - [13/Jul/2018:11:35:17 +0800] "GET /images/one4.jpg HTTP/1.0" 304 - http-bio-8092-exec-3 5
0:0:0:0:0:0:0:1 - - [13/Jul/2018:11:35:17 +0800] "GET /images/20130330A.png HTTP/1.0" 304 - http-bio-8092-exec-6 15
127.0.0.1 - - [13/Jul/2018:11:35:17 +0800] "GET /images/regist-word.png HTTP/1.0" 304 - http-bio-8092-exec-5 25
127.0.0.1 - - [13/Jul/2018:11:35:17 +0800] "GET /images/regist-btn.jpg HTTP/1.0" 304 - http-bio-8092-exec-8 4
0:0:0:0:0:0:0:1 - - [13/Jul/2018:11:35:17 +0800] "GET /images/one6.jpg HTTP/1.0" 304 - http-bio-8092-exec-7 3
127.0.0.1 - - [13/Jul/2018:11:35:28 +0800] "GET /images/pwdstrength.gif HTTP/1.0" 304 - http-bio-8092-exec-10 22
0:0:0:0:0:0:0:1 - - [13/Jul/2018:11:35:34 +0800] "GET /images/hover-btn.jpg HTTP/1.0" 304 - http-bio-8092-exec-4 17
0:0:0:0:0:0:0:1 - - [13/Jul/2018:11:35:42 +0800] "GET /images/wait-btn.jpg HTTP/1.0" 304 - http-bio-8092-exec-2 17
127.0.0.1 - - [13/Jul/2018:11:35:43 +0800] "POST /service/user/doRegister HTTP/1.0" 200 47 http-bio-8092-exec-1 1063
127.0.0.1 - - [13/Jul/2018:11:35:43 +0800] "GET /images/loading.gif HTTP/1.0" 304 - http-bio-8092-exec-9 11
127.0.0.1 - - [13/Jul/2018:11:35:43 +0800] "GET /images/icon48.png HTTP/1.0" 304 - http-bio-8092-exec-6 3
0:0:0:0:0:0:0:1 - - [13/Jul/2018:11:35:43 +0800] "GET /images/bg_thickbox.gif HTTP/1.0" 304 - http-bio-8092-exec-3 21
0:0:0:0:0:0:0:1 - - [13/Jul/2018:11:35:47 +0800] "GET /user/login.html HTTP/1.0" 200 12393 http-bio-8092-exec-5 9
127.0.0.1 - - [13/Jul/2018:11:35:52 +0800] "POST /service/user/doLogin?r=0.5692318923147519 HTTP/1.0" 200 47 http-bio-8092-exec-8 52
0:0:0:0:0:0:0:1 - - [13/Jul/2018:11:35:52 +0800] "GET /index.html HTTP/1.0" 200 107045 http-bio-8092-exec-7 28
127.0.0.1 - - [13/Jul/2018:11:46:31 +0800] "GET /user/login.html HTTP/1.0" 200 12393 http-bio-8092-exec-10 11
0:0:0:0:0:0:0:1 - - [13/Jul/2018:11:46:42 +0800] "POST /service/user/doLogin?r=0.9782279980183355 HTTP/1.0" 200 47 http-bio-8092-exec-4 32
127.0.0.1 - - [13/Jul/2018:11:46:42 +0800] "GET /index.html HTTP/1.0" 200 107045 http-bio-8092-exec-2 24
0:0:0:0:0:0:0:1 - - [13/Jul/2018:11:56:56 +0800] "GET /index.html HTTP/1.0" 200 107045 http-bio-8092-exec-1 30
127.0.0.1 - - [13/Jul/2018:14:16:51 +0800] "GET /index.html HTTP/1.0" 200 107045 http-bio-8092-exec-1 645
0:0:0:0:0:0:0:1 - - [13/Jul/2018:14:16:54 +0800] "GET /user/logout.html HTTP/1.0" 302 - http-bio-8092-exec-2 73
127.0.0.1 - - [13/Jul/2018:14:16:54 +0800] "GET /index.html HTTP/1.0" 200 107045 http-bio-8092-exec-3 22
0:0:0:0:0:0:0:1 - - [13/Jul/2018:14:17:06 +0800] "GET /user/login.html HTTP/1.0" 200 12393 http-bio-8092-exec-4 70
127.0.0.1 - - [13/Jul/2018:14:17:23 +0800] "POST /service/user/doLogin?r=0.9294680379272859 HTTP/1.0" 200 47 http-bio-8092-exec-5 1735
0:0:0:0:0:0:0:1 - - [13/Jul/2018:14:17:23 +0800] "GET /index.html HTTP/1.0" 200 107045 http-bio-8092-exec-6 76
127.0.0.1 - - [13/Jul/2018:14:18:16 +0800] "GET /user/logout.html HTTP/1.0" 302 - http-bio-8092-exec-7 20
0:0:0:0:0:0:0:1 - - [13/Jul/2018:14:18:16 +0800] "GET /index.html HTTP/1.0" 200 107045 http-bio-8092-exec-8 50
127.0.0.1 - - [13/Jul/2018:14:23:26 +0800] "GET /user/login.html HTTP/1.0" 200 12393 http-bio-8092-exec-9 24
0:0:0:0:0:0:0:1 - - [13/Jul/2018:14:23:32 +0800] "GET /user/login.html HTTP/1.0" 200 12393 http-bio-8092-exec-10 8
127.0.0.1 - - [13/Jul/2018:14:23:38 +0800] "POST /service/user/doLogin?r=0.8929914517227271 HTTP/1.0" 200 47 http-bio-8092-exec-1 45
0:0:0:0:0:0:0:1 - - [13/Jul/2018:14:23:38 +0800] "GET /index.html HTTP/1.0" 200 107045 http-bio-8092-exec-2 20
127.0.0.1 - - [13/Jul/2018:14:23:40 +0800] "GET /user/logout.html HTTP/1.0" 302 - http-bio-8092-exec-3 9
0:0:0:0:0:0:0:1 - - [13/Jul/2018:14:23:40 +0800] "GET /index.html HTTP/1.0" 200 107045 http-bio-8092-exec-4 20
127.0.0.1 - - [13/Jul/2018:14:23:42 +0800] "GET /user/login.html HTTP/1.0" 200 12393 http-bio-8092-exec-5 12
0:0:0:0:0:0:0:1 - - [13/Jul/2018:14:23:46 +0800] "POST /service/user/doLogin?r=0.26189690114120956 HTTP/1.0" 200 47 http-bio-8092-exec-6 32
127.0.0.1 - - [13/Jul/2018:14:23:46 +0800] "GET /index.html HTTP/1.0" 200 107045 http-bio-8092-exec-7 28
127.0.0.1 - - [13/Jul/2018:14:55:00 +0800] "GET /index.html HTTP/1.0" 200 107045 http-bio-8092-exec-8 49
0:0:0:0:0:0:0:1 - - [13/Jul/2018:14:55:04 +0800] "GET /items/562379.html HTTP/1.0" 200 43427 http-bio-8092-exec-9 372
127.0.0.1 - - [13/Jul/2018:14:55:06 +0800] "POST /cart/add/562379.html HTTP/1.0" 404 991 http-bio-8092-exec-10 24
0:0:0:0:0:0:0:1 - - [13/Jul/2018:14:55:17 +0800] "POST /cart/add/562379.html HTTP/1.0" 404 991 http-bio-8092-exec-1 6
127.0.0.1 - - [13/Jul/2018:14:55:20 +0800] "GET /items/562379.html HTTP/1.0" 200 43427 http-bio-8092-exec-2 140
0:0:0:0:0:0:0:1 - - [13/Jul/2018:15:13:30 +0800] "POST /cart/add/562379.html HTTP/1.0" 404 1003 http-bio-8092-exec-1 240
127.0.0.1 - - [13/Jul/2018:15:51:15 +0800] "GET /index.html HTTP/1.0" 200 107045 http-bio-8092-exec-2 553
0:0:0:0:0:0:0:1 - - [13/Jul/2018:15:51:21 +0800] "GET /cart/show.html HTTP/1.0" 404 979 http-bio-8092-exec-3 11
127.0.0.1 - - [13/Jul/2018:15:52:13 +0800] "GET /user/logout.html HTTP/1.0" 302 - http-bio-8092-exec-4 40
0:0:0:0:0:0:0:1 - - [13/Jul/2018:15:52:13 +0800] "GET /index.html HTTP/1.0" 200 107045 http-bio-8092-exec-5 24
127.0.0.1 - - [13/Jul/2018:15:52:14 +0800] "GET /user/login.html HTTP/1.0" 200 12393 http-bio-8092-exec-6 33
0:0:0:0:0:0:0:1 - - [13/Jul/2018:15:52:21 +0800] "POST /service/user/doLogin?r=0.8402118673390597 HTTP/1.0" 200 47 http-bio-8092-exec-7 621
127.0.0.1 - - [13/Jul/2018:15:52:22 +0800] "GET /index.html HTTP/1.0" 200 107045 http-bio-8092-exec-8 66
0:0:0:0:0:0:0:1 - - [13/Jul/2018:15:52:28 +0800] "GET /cart/show.html HTTP/1.0" 404 979 http-bio-8092-exec-9 6
127.0.0.1 - - [13/Jul/2018:15:53:19 +0800] "GET /user/logout.html HTTP/1.0" 302 - http-bio-8092-exec-10 6
0:0:0:0:0:0:0:1 - - [13/Jul/2018:15:53:19 +0800] "GET /index.html HTTP/1.0" 200 107045 http-bio-8092-exec-1 26
127.0.0.1 - - [13/Jul/2018:15:53:23 +0800] "GET /images/15.png HTTP/1.0" 304 - http-bio-8092-exec-2 21
0:0:0:0:0:0:0:1 - - [13/Jul/2018:15:53:24 +0800] "GET /cart/show.html HTTP/1.0" 404 979 http-bio-8092-exec-3 5
127.0.0.1 - - [13/Jul/2018:15:54:15 +0800] "GET /cart/show.html HTTP/1.0" 404 979 http-bio-8092-exec-4 9
0:0:0:0:0:0:0:1 - - [13/Jul/2018:15:55:17 +0800] "GET /index.html HTTP/1.0" 200 107045 http-bio-8092-exec-1 551
127.0.0.1 - - [13/Jul/2018:15:55:22 +0800] "GET /cart/show.html HTTP/1.0" 200 18354 http-bio-8092-exec-2 3841
0:0:0:0:0:0:0:1 - - [13/Jul/2018:15:55:22 +0800] "GET /css/base.css HTTP/1.0" 200 48835 http-bio-8092-exec-3 6
0:0:0:0:0:0:0:1 - - [13/Jul/2018:15:55:22 +0800] "GET /js/cart.js HTTP/1.0" 200 1587 http-bio-8092-exec-5 6
127.0.0.1 - - [13/Jul/2018:15:55:22 +0800] "GET /css/purchase.2012.css?v=201410141639 HTTP/1.0" 200 63323 http-bio-8092-exec-4 8
127.0.0.1 - - [13/Jul/2018:15:55:22 +0800] "GET /js/jquery.price_format.2.0.min.js HTTP/1.0" 200 2652 http-bio-8092-exec-6 5
127.0.0.1 - - [13/Jul/2018:15:55:22 +0800] "GET /images/control-icon-20140521.png HTTP/1.0" 200 354 http-bio-8092-exec-8 23
0:0:0:0:0:0:0:1 - - [13/Jul/2018:15:55:22 +0800] "GET /images/cart_corner_1.png HTTP/1.0" 200 172 http-bio-8092-exec-9 7
0:0:0:0:0:0:0:1 - - [13/Jul/2018:15:55:22 +0800] "GET /images/btn-check-20140627.png HTTP/1.0" 200 6940 http-bio-8092-exec-7 34
0:0:0:0:0:0:0:1 - - [13/Jul/2018:15:55:22 +0800] "GET /images/my_cart_title.png HTTP/1.0" 200 867 http-bio-8092-exec-1 40
127.0.0.1 - - [13/Jul/2018:15:55:22 +0800] "GET /images/btn-bg-1.png HTTP/1.0" 200 3469 http-bio-8092-exec-10 41
127.0.0.1 - - [13/Jul/2018:15:55:22 +0800] "GET /images/step1.png HTTP/1.0" 200 739 http-bio-8092-exec-2 49
0:0:0:0:0:0:0:1 - - [13/Jul/2018:16:14:50 +0800] "POST /service/cart/update/num/562379/6 HTTP/1.0" 404 1015 http-bio-8092-exec-3 16
127.0.0.1 - - [13/Jul/2018:16:14:51 +0800] "POST /service/cart/update/num/562379/5 HTTP/1.0" 404 1015 http-bio-8092-exec-5 5
0:0:0:0:0:0:0:1 - - [13/Jul/2018:16:14:51 +0800] "POST /service/cart/update/num/562379/4 HTTP/1.0" 404 1015 http-bio-8092-exec-4 6
127.0.0.1 - - [13/Jul/2018:16:14:52 +0800] "POST /service/cart/update/num/562379/5 HTTP/1.0" 404 1015 http-bio-8092-exec-6 6
0:0:0:0:0:0:0:1 - - [13/Jul/2018:16:14:52 +0800] "POST /service/cart/update/num/562379/6 HTTP/1.0" 404 1015 http-bio-8092-exec-8 6
127.0.0.1 - - [13/Jul/2018:16:14:53 +0800] "POST /service/cart/update/num/562379/7 HTTP/1.0" 404 1015 http-bio-8092-exec-9 4
0:0:0:0:0:0:0:1 - - [13/Jul/2018:16:14:53 +0800] "POST /service/cart/update/num/562379/8 HTTP/1.0" 404 1015 http-bio-8092-exec-7 4
127.0.0.1 - - [13/Jul/2018:16:14:53 +0800] "POST /service/cart/update/num/562379/9 HTTP/1.0" 404 1015 http-bio-8092-exec-1 4
0:0:0:0:0:0:0:1 - - [13/Jul/2018:16:14:54 +0800] "POST /service/cart/update/num/562379/8 HTTP/1.0" 404 1015 http-bio-8092-exec-10 7
127.0.0.1 - - [13/Jul/2018:16:14:54 +0800] "POST /service/cart/update/num/562379/7 HTTP/1.0" 404 1015 http-bio-8092-exec-2 4
0:0:0:0:0:0:0:1 - - [13/Jul/2018:16:14:54 +0800] "POST /service/cart/update/num/562379/6 HTTP/1.0" 404 1015 http-bio-8092-exec-3 3
127.0.0.1 - - [13/Jul/2018:16:14:55 +0800] "GET /cart/delete/562379.html HTTP/1.0" 404 997 http-bio-8092-exec-5 5
0:0:0:0:0:0:0:1 - - [13/Jul/2018:16:41:00 +0800] "GET /cart/show.html HTTP/1.0" 200 18354 http-bio-8092-exec-1 2619
127.0.0.1 - - [13/Jul/2018:16:41:07 +0800] "GET /cart/show.html HTTP/1.0" 200 18354 http-bio-8092-exec-2 39
0:0:0:0:0:0:0:1 - - [13/Jul/2018:16:41:21 +0800] "GET /index.html HTTP/1.0" 200 107045 http-bio-8092-exec-3 75
127.0.0.1 - - [13/Jul/2018:16:41:25 +0800] "GET /items/562379.html HTTP/1.0" 200 43427 http-bio-8092-exec-4 2150
0:0:0:0:0:0:0:1 - - [13/Jul/2018:16:41:30 +0800] "POST /cart/add/562379.html HTTP/1.0" 302 - http-bio-8092-exec-5 1005
127.0.0.1 - - [13/Jul/2018:16:41:30 +0800] "GET /cart/show.html HTTP/1.0" 200 18354 http-bio-8092-exec-6 43
0:0:0:0:0:0:0:1 - - [13/Jul/2018:16:46:28 +0800] "GET /items/562379.html HTTP/1.0" 200 43427 http-bio-8092-exec-1 1428
127.0.0.1 - - [13/Jul/2018:16:46:42 +0800] "POST /cart/add/562379.html HTTP/1.0" 302 - http-bio-8092-exec-2 11978
0:0:0:0:0:0:0:1 - - [13/Jul/2018:16:46:43 +0800] "GET /cart/show.html HTTP/1.0" 200 18355 http-bio-8092-exec-3 163
127.0.0.1 - - [13/Jul/2018:17:17:32 +0800] "GET /index.html HTTP/1.0" 200 107045 http-bio-8092-exec-1 786
0:0:0:0:0:0:0:1 - - [13/Jul/2018:17:17:41 +0800] "GET /favicon.ico HTTP/1.0" 404 973 http-bio-8092-exec-2 8
127.0.0.1 - - [13/Jul/2018:17:17:45 +0800] "GET /items/562379.html HTTP/1.0" 200 43427 http-bio-8092-exec-3 745
0:0:0:0:0:0:0:1 - - [13/Jul/2018:17:18:13 +0800] "POST /cart/add/562379.html HTTP/1.0" 302 - http-bio-8092-exec-4 2693
127.0.0.1 - - [13/Jul/2018:17:18:13 +0800] "GET /cart/show.html HTTP/1.0" 200 18355 http-bio-8092-exec-5 140
0:0:0:0:0:0:0:1 - - [13/Jul/2018:17:18:22 +0800] "GET /items/1474391966.html HTTP/1.0" 200 34437 http-bio-8092-exec-6 61
127.0.0.1 - - [13/Jul/2018:17:18:29 +0800] "POST /cart/add/1474391966.html HTTP/1.0" 302 - http-bio-8092-exec-7 80
0:0:0:0:0:0:0:1 - - [13/Jul/2018:17:18:29 +0800] "GET /cart/show.html HTTP/1.0" 200 20504 http-bio-8092-exec-8 39
127.0.0.1 - - [13/Jul/2018:17:18:42 +0800] "POST /service/cart/update/num/1474391966/1 HTTP/1.0" 404 1023 http-bio-8092-exec-9 9
0:0:0:0:0:0:0:1 - - [13/Jul/2018:17:18:43 +0800] "POST /service/cart/update/num/1474391966/2 HTTP/1.0" 404 1023 http-bio-8092-exec-10 6
127.0.0.1 - - [13/Jul/2018:17:18:43 +0800] "POST /service/cart/update/num/1474391966/3 HTTP/1.0" 404 1023 http-bio-8092-exec-1 4
0:0:0:0:0:0:0:1 - - [13/Jul/2018:17:18:43 +0800] "POST /service/cart/update/num/1474391966/4 HTTP/1.0" 404 1023 http-bio-8092-exec-2 4
127.0.0.1 - - [13/Jul/2018:17:18:43 +0800] "POST /service/cart/update/num/1474391966/5 HTTP/1.0" 404 1023 http-bio-8092-exec-3 4
0:0:0:0:0:0:0:1 - - [13/Jul/2018:17:18:44 +0800] "POST /service/cart/update/num/1474391966/4 HTTP/1.0" 404 1023 http-bio-8092-exec-4 4
127.0.0.1 - - [13/Jul/2018:17:18:44 +0800] "POST /service/cart/update/num/1474391966/3 HTTP/1.0" 404 1023 http-bio-8092-exec-5 4
0:0:0:0:0:0:0:1 - - [13/Jul/2018:17:18:44 +0800] "POST /service/cart/update/num/1474391966/2 HTTP/1.0" 404 1023 http-bio-8092-exec-6 5
127.0.0.1 - - [13/Jul/2018:17:18:44 +0800] "POST /service/cart/update/num/1474391966/1 HTTP/1.0" 404 1023 http-bio-8092-exec-7 4
0:0:0:0:0:0:0:1 - - [13/Jul/2018:17:18:46 +0800] "POST /service/cart/update/num/1474391966/2 HTTP/1.0" 404 1023 http-bio-8092-exec-8 4
127.0.0.1 - - [13/Jul/2018:17:18:49 +0800] "POST /service/cart/update/num/1474391966/3 HTTP/1.0" 404 1023 http-bio-8092-exec-9 6
0:0:0:0:0:0:0:1 - - [13/Jul/2018:17:18:49 +0800] "POST /service/cart/update/num/1474391966/4 HTTP/1.0" 404 1023 http-bio-8092-exec-10 5
127.0.0.1 - - [13/Jul/2018:17:18:50 +0800] "POST /service/cart/update/num/1474391966/5 HTTP/1.0" 404 1023 http-bio-8092-exec-1 4
0:0:0:0:0:0:0:1 - - [13/Jul/2018:17:22:01 +0800] "POST /service/cart/update/num/562379/11 HTTP/1.0" 404 1017 http-bio-8092-exec-2 5
127.0.0.1 - - [13/Jul/2018:17:22:01 +0800] "POST /service/cart/update/num/562379/10 HTTP/1.0" 404 1017 http-bio-8092-exec-3 5
0:0:0:0:0:0:0:1 - - [13/Jul/2018:17:22:02 +0800] "POST /service/cart/update/num/562379/11 HTTP/1.0" 404 1017 http-bio-8092-exec-4 3
127.0.0.1 - - [13/Jul/2018:17:22:02 +0800] "POST /service/cart/update/num/562379/12 HTTP/1.0" 404 1017 http-bio-8092-exec-5 4
0:0:0:0:0:0:0:1 - - [13/Jul/2018:17:22:02 +0800] "POST /service/cart/update/num/1474391966/4 HTTP/1.0" 404 1023 http-bio-8092-exec-6 4
127.0.0.1 - - [13/Jul/2018:17:22:03 +0800] "POST /service/cart/update/num/1474391966/5 HTTP/1.0" 404 1023 http-bio-8092-exec-7 6
0:0:0:0:0:0:0:1 - - [13/Jul/2018:17:22:03 +0800] "POST /service/cart/update/num/1474391966/6 HTTP/1.0" 404 1023 http-bio-8092-exec-8 3
127.0.0.1 - - [13/Jul/2018:17:22:04 +0800] "POST /service/cart/update/num/1474391966/7 HTTP/1.0" 404 1023 http-bio-8092-exec-9 3
0:0:0:0:0:0:0:1 - - [13/Jul/2018:17:22:15 +0800] "POST /service/cart/update/num/1474391966/8 HTTP/1.0" 404 1023 http-bio-8092-exec-10 4
127.0.0.1 - - [13/Jul/2018:17:22:48 +0800] "GET /cart/delete/562379.html HTTP/1.0" 404 997 http-bio-8092-exec-1 8
0:0:0:0:0:0:0:1 - - [13/Jul/2018:17:42:57 +0800] "GET / HTTP/1.0" 200 57 http-bio-8092-exec-1 209
127.0.0.1 - - [13/Jul/2018:17:43:01 +0800] "GET /index.html HTTP/1.0" 200 107045 http-bio-8092-exec-2 415
0:0:0:0:0:0:0:1 - - [13/Jul/2018:17:43:07 +0800] "GET /items/562379.html HTTP/1.0" 200 43427 http-bio-8092-exec-3 871
127.0.0.1 - - [13/Jul/2018:17:43:21 +0800] "GET /items/816753.html HTTP/1.0" 200 34906 http-bio-8092-exec-4 74
0:0:0:0:0:0:0:1 - - [13/Jul/2018:17:43:27 +0800] "POST /cart/add/816753.html HTTP/1.0" 302 - http-bio-8092-exec-5 3706
127.0.0.1 - - [13/Jul/2018:17:43:28 +0800] "GET /cart/show.html HTTP/1.0" 200 22788 http-bio-8092-exec-6 190
0:0:0:0:0:0:0:1 - - [13/Jul/2018:17:43:35 +0800] "GET /cart/delete/816753.html HTTP/1.0" 404 997 http-bio-8092-exec-7 16
127.0.0.1 - - [13/Jul/2018:17:45:05 +0800] "GET /cart/delete/816753.html HTTP/1.0" 400 968 http-bio-8092-exec-1 195
0:0:0:0:0:0:0:1 - - [13/Jul/2018:17:45:12 +0800] "GET /cart/delete/816753.html HTTP/1.0" 400 968 http-bio-8092-exec-2 6
127.0.0.1 - - [13/Jul/2018:17:46:55 +0800] "GET /index.html HTTP/1.0" 200 107045 http-bio-8092-exec-1 625
0:0:0:0:0:0:0:1 - - [13/Jul/2018:17:46:58 +0800] "GET /cart/show.html HTTP/1.0" 200 22788 http-bio-8092-exec-2 610
127.0.0.1 - - [13/Jul/2018:17:47:02 +0800] "GET /cart/delete/816753.html HTTP/1.0" 302 - http-bio-8092-exec-3 834
0:0:0:0:0:0:0:1 - - [13/Jul/2018:17:47:02 +0800] "GET /cart/show.html HTTP/1.0" 200 22788 http-bio-8092-exec-4 48
127.0.0.1 - - [13/Jul/2018:17:47:12 +0800] "GET /cart/delete/816753.html HTTP/1.0" 302 - http-bio-8092-exec-5 26
0:0:0:0:0:0:0:1 - - [13/Jul/2018:17:47:12 +0800] "GET /cart/show.html HTTP/1.0" 200 22788 http-bio-8092-exec-6 59
127.0.0.1 - - [13/Jul/2018:17:47:25 +0800] "GET /items/816753.html HTTP/1.0" 200 34906 http-bio-8092-exec-7 233
0:0:0:0:0:0:0:1 - - [13/Jul/2018:17:48:04 +0800] "GET /cart/delete/1474391966.html HTTP/1.0" 302 - http-bio-8092-exec-8 20
127.0.0.1 - - [13/Jul/2018:17:48:04 +0800] "GET /cart/show.html HTTP/1.0" 200 22788 http-bio-8092-exec-9 50
0:0:0:0:0:0:0:1 - - [13/Jul/2018:17:53:01 +0800] "GET /index.html HTTP/1.0" 200 107045 http-bio-8092-exec-10 26
127.0.0.1 - - [13/Jul/2018:17:53:17 +0800] "GET /items/562379.html HTTP/1.0" 200 43427 http-bio-8092-exec-1 71
0:0:0:0:0:0:0:1 - - [13/Jul/2018:17:55:42 +0800] "POST /cart/add/562379.html HTTP/1.0" 302 - http-bio-8092-exec-2 135
127.0.0.1 - - [13/Jul/2018:17:55:42 +0800] "GET /cart/show.html HTTP/1.0" 200 22788 http-bio-8092-exec-3 53
0:0:0:0:0:0:0:1 - - [13/Jul/2018:17:56:43 +0800] "GET /cart/delete/816753.html HTTP/1.0" 302 - http-bio-8092-exec-4 19
127.0.0.1 - - [13/Jul/2018:17:56:43 +0800] "GET /cart/show.html HTTP/1.0" 200 22788 http-bio-8092-exec-5 58
0:0:0:0:0:0:0:1 - - [13/Jul/2018:17:58:31 +0800] "GET /cart/show.html HTTP/1.0" 200 22788 http-bio-8092-exec-1 3050
0:0:0:0:0:0:0:1 - - [13/Jul/2018:18:00:48 +0800] "GET /cart/show.html HTTP/1.0" 200 22788 http-bio-8092-exec-1 2881
0:0:0:0:0:0:0:1 - - [13/Jul/2018:18:01:09 +0800] "GET /cart/delete/816753.html HTTP/1.0" 302 - http-bio-8092-exec-2 840
127.0.0.1 - - [13/Jul/2018:18:01:09 +0800] "GET /cart/show.html HTTP/1.0" 200 22788 http-bio-8092-exec-3 49
0:0:0:0:0:0:0:1 - - [13/Jul/2018:18:03:29 +0800] "GET /cart/show.html HTTP/1.0" 200 22788 http-bio-8092-exec-4 1782
127.0.0.1 - - [13/Jul/2018:18:03:34 +0800] "GET /cart/delete/816753.html HTTP/1.0" 302 - http-bio-8092-exec-5 79
0:0:0:0:0:0:0:1 - - [13/Jul/2018:18:03:34 +0800] "GET /cart/show.html HTTP/1.0" 200 20504 http-bio-8092-exec-6 34
127.0.0.1 - - [13/Jul/2018:18:06:17 +0800] "POST /service/cart/update/num/562379/12 HTTP/1.0" 404 1017 http-bio-8092-exec-7 18
0:0:0:0:0:0:0:1 - - [13/Jul/2018:18:06:22 +0800] "POST /service/cart/update/num/562379/11 HTTP/1.0" 404 1017 http-bio-8092-exec-8 5
127.0.0.1 - - [13/Jul/2018:18:22:31 +0800] "GET /cart/show.html HTTP/1.0" 200 20504 http-bio-8092-exec-1 2740
0:0:0:0:0:0:0:1 - - [13/Jul/2018:18:22:31 +0800] "GET /js/jquery-1.2.6.min.js HTTP/1.0" 304 - http-bio-8092-exec-4 27
127.0.0.1 - - [13/Jul/2018:18:22:31 +0800] "GET /js/base-v1.js HTTP/1.0" 304 - http-bio-8092-exec-3 25
0:0:0:0:0:0:0:1 - - [13/Jul/2018:18:22:31 +0800] "GET /images/jt-logo.png HTTP/1.0" 304 - http-bio-8092-exec-2 29
127.0.0.1 - - [13/Jul/2018:18:22:31 +0800] "GET /js/jquery-extend.js HTTP/1.0" 304 - http-bio-8092-exec-5 28
127.0.0.1 - - [13/Jul/2018:18:22:31 +0800] "GET /js/jt.js HTTP/1.0" 304 - http-bio-8092-exec-7 8
0:0:0:0:0:0:0:1 - - [13/Jul/2018:18:22:31 +0800] "GET /js/lib-v1.js HTTP/1.0" 304 - http-bio-8092-exec-6 9
0:0:0:0:0:0:0:1 - - [13/Jul/2018:18:22:39 +0800] "POST /service/cart/update/num/1474391966/3 HTTP/1.0" 302 - http-bio-8092-exec-8 803
127.0.0.1 - - [13/Jul/2018:18:22:39 +0800] "GET /cart/show.html HTTP/1.0" 200 20504 http-bio-8092-exec-9 43
0:0:0:0:0:0:0:1 - - [13/Jul/2018:18:22:43 +0800] "POST /service/cart/update/num/562379/12 HTTP/1.0" 302 - http-bio-8092-exec-10 45
127.0.0.1 - - [13/Jul/2018:18:22:43 +0800] "GET /cart/show.html HTTP/1.0" 200 20504 http-bio-8092-exec-1 36
0:0:0:0:0:0:0:1 - - [13/Jul/2018:18:22:43 +0800] "POST /service/cart/update/num/562379/11 HTTP/1.0" 302 - http-bio-8092-exec-4 61
127.0.0.1 - - [13/Jul/2018:18:22:43 +0800] "GET /cart/show.html HTTP/1.0" 200 20504 http-bio-8092-exec-5 33
0:0:0:0:0:0:0:1 - - [13/Jul/2018:18:22:43 +0800] "POST /service/cart/update/num/562379/10 HTTP/1.0" 302 - http-bio-8092-exec-3 53
127.0.0.1 - - [13/Jul/2018:18:22:43 +0800] "GET /cart/show.html HTTP/1.0" 200 20504 http-bio-8092-exec-2 36
0:0:0:0:0:0:0:1 - - [13/Jul/2018:18:22:51 +0800] "POST /service/cart/update/num/562379/9 HTTP/1.0" 302 - http-bio-8092-exec-7 75
127.0.0.1 - - [13/Jul/2018:18:22:51 +0800] "GET /cart/show.html HTTP/1.0" 200 20503 http-bio-8092-exec-6 52
0:0:0:0:0:0:0:1 - - [13/Jul/2018:18:26:30 +0800] "POST /service/cart/update/num/562379/8 HTTP/1.0" 302 - http-bio-8092-exec-8 63
127.0.0.1 - - [13/Jul/2018:18:26:30 +0800] "GET /cart/show.html HTTP/1.0" 200 20503 http-bio-8092-exec-9 39
0:0:0:0:0:0:0:1 - - [13/Jul/2018:18:26:30 +0800] "POST /service/cart/update/num/562379/7 HTTP/1.0" 302 - http-bio-8092-exec-10 43
127.0.0.1 - - [13/Jul/2018:18:26:30 +0800] "GET /cart/show.html HTTP/1.0" 200 20503 http-bio-8092-exec-1 44
0:0:0:0:0:0:0:1 - - [13/Jul/2018:18:26:31 +0800] "POST /service/cart/update/num/562379/6 HTTP/1.0" 302 - http-bio-8092-exec-4 83
127.0.0.1 - - [13/Jul/2018:18:26:31 +0800] "GET /cart/show.html HTTP/1.0" 200 20503 http-bio-8092-exec-5 31
0:0:0:0:0:0:0:1 - - [13/Jul/2018:18:26:31 +0800] "POST /service/cart/update/num/562379/5 HTTP/1.0" 302 - http-bio-8092-exec-3 59
127.0.0.1 - - [13/Jul/2018:18:26:31 +0800] "GET /cart/show.html HTTP/1.0" 200 20503 http-bio-8092-exec-2 47
0:0:0:0:0:0:0:1 - - [13/Jul/2018:18:26:32 +0800] "POST /service/cart/update/num/562379/4 HTTP/1.0" 302 - http-bio-8092-exec-7 51
127.0.0.1 - - [13/Jul/2018:18:26:32 +0800] "GET /cart/show.html HTTP/1.0" 200 20503 http-bio-8092-exec-6 32
0:0:0:0:0:0:0:1 - - [13/Jul/2018:18:26:32 +0800] "POST /service/cart/update/num/562379/3 HTTP/1.0" 302 - http-bio-8092-exec-8 60
127.0.0.1 - - [13/Jul/2018:18:26:32 +0800] "GET /cart/show.html HTTP/1.0" 200 20503 http-bio-8092-exec-9 36
0:0:0:0:0:0:0:1 - - [13/Jul/2018:18:26:33 +0800] "POST /service/cart/update/num/562379/4 HTTP/1.0" 302 - http-bio-8092-exec-10 45
127.0.0.1 - - [13/Jul/2018:18:26:33 +0800] "GET /cart/show.html HTTP/1.0" 200 20503 http-bio-8092-exec-1 35
0:0:0:0:0:0:0:1 - - [13/Jul/2018:18:26:34 +0800] "POST /service/cart/update/num/562379/3 HTTP/1.0" 302 - http-bio-8092-exec-4 45
127.0.0.1 - - [13/Jul/2018:18:26:34 +0800] "GET /cart/show.html HTTP/1.0" 200 20503 http-bio-8092-exec-5 34
0:0:0:0:0:0:0:1 - - [13/Jul/2018:18:26:35 +0800] "POST /service/cart/update/num/562379/2 HTTP/1.0" 302 - http-bio-8092-exec-3 89
127.0.0.1 - - [13/Jul/2018:18:26:35 +0800] "GET /cart/show.html HTTP/1.0" 200 20501 http-bio-8092-exec-2 29
0:0:0:0:0:0:0:1 - - [13/Jul/2018:18:26:35 +0800] "POST /service/cart/update/num/562379/1 HTTP/1.0" 302 - http-bio-8092-exec-7 57
127.0.0.1 - - [13/Jul/2018:18:26:35 +0800] "GET /cart/show.html HTTP/1.0" 200 20501 http-bio-8092-exec-6 39
0:0:0:0:0:0:0:1 - - [13/Jul/2018:18:26:37 +0800] "POST /service/cart/update/num/562379/2 HTTP/1.0" 302 - http-bio-8092-exec-8 67
127.0.0.1 - - [13/Jul/2018:18:26:37 +0800] "GET /cart/show.html HTTP/1.0" 200 20501 http-bio-8092-exec-9 27
0:0:0:0:0:0:0:1 - - [13/Jul/2018:18:26:38 +0800] "POST /service/cart/update/num/562379/1 HTTP/1.0" 302 - http-bio-8092-exec-10 61
127.0.0.1 - - [13/Jul/2018:18:26:38 +0800] "GET /cart/show.html HTTP/1.0" 200 20501 http-bio-8092-exec-1 27
0:0:0:0:0:0:0:1 - - [13/Jul/2018:18:26:39 +0800] "POST /service/cart/update/num/1474391966/2 HTTP/1.0" 302 - http-bio-8092-exec-4 54
127.0.0.1 - - [13/Jul/2018:18:26:39 +0800] "GET /cart/show.html HTTP/1.0" 200 20501 http-bio-8092-exec-5 35
0:0:0:0:0:0:0:1 - - [13/Jul/2018:18:26:40 +0800] "POST /service/cart/update/num/1474391966/1 HTTP/1.0" 302 - http-bio-8092-exec-3 76
127.0.0.1 - - [13/Jul/2018:18:26:40 +0800] "GET /cart/show.html HTTP/1.0" 200 20501 http-bio-8092-exec-2 26
0:0:0:0:0:0:0:1 - - [13/Jul/2018:18:26:41 +0800] "POST /service/cart/update/num/1474391966/2 HTTP/1.0" 302 - http-bio-8092-exec-7 65
127.0.0.1 - - [13/Jul/2018:18:26:41 +0800] "GET /cart/show.html HTTP/1.0" 200 20501 http-bio-8092-exec-6 29
0:0:0:0:0:0:0:1 - - [13/Jul/2018:18:26:42 +0800] "POST /service/cart/update/num/1474391966/1 HTTP/1.0" 302 - http-bio-8092-exec-8 55
127.0.0.1 - - [13/Jul/2018:18:26:42 +0800] "GET /cart/show.html HTTP/1.0" 200 20501 http-bio-8092-exec-9 37
0:0:0:0:0:0:0:1 - - [13/Jul/2018:18:27:03 +0800] "POST /service/cart/update/num/562379/2 HTTP/1.0" 302 - http-bio-8092-exec-10 52
127.0.0.1 - - [13/Jul/2018:18:27:03 +0800] "GET /cart/show.html HTTP/1.0" 200 20501 http-bio-8092-exec-1 34
0:0:0:0:0:0:0:1 - - [13/Jul/2018:18:27:04 +0800] "POST /service/cart/update/num/562379/1 HTTP/1.0" 302 - http-bio-8092-exec-4 50
127.0.0.1 - - [13/Jul/2018:18:27:04 +0800] "GET /cart/show.html HTTP/1.0" 200 20501 http-bio-8092-exec-5 31
0:0:0:0:0:0:0:1 - - [13/Jul/2018:18:27:18 +0800] "GET /order/create.html HTTP/1.0" 404 985 http-bio-8092-exec-3 13
127.0.0.1 - - [13/Jul/2018:18:27:25 +0800] "POST /service/cart/update/num/1474391966/2 HTTP/1.0" 302 - http-bio-8092-exec-2 47
0:0:0:0:0:0:0:1 - - [13/Jul/2018:18:27:25 +0800] "GET /cart/show.html HTTP/1.0" 200 20501 http-bio-8092-exec-7 25
0:0:0:0:0:0:0:1 - - [13/Jul/2018:18:57:19 +0800] "GET /css/jt.css HTTP/1.0" 304 - http-bio-8092-exec-8 5
127.0.0.1 - - [13/Jul/2018:18:57:19 +0800] "GET /index.html HTTP/1.0" 200 107045 http-bio-8092-exec-6 100
127.0.0.1 - - [13/Jul/2018:18:57:21 +0800] "GET /js/home.js HTTP/1.0" 304 - http-bio-8092-exec-9 5
0:0:0:0:0:0:0:1 - - [13/Jul/2018:18:57:21 +0800] "GET /images/20130330A_2.png HTTP/1.0" 304 - http-bio-8092-exec-10 5
127.0.0.1 - - [13/Jul/2018:18:57:21 +0800] "GET /images/20130725.png HTTP/1.0" 304 - http-bio-8092-exec-1 5
0:0:0:0:0:0:0:1 - - [13/Jul/2018:18:57:21 +0800] "GET /images/blank.gif HTTP/1.0" 304 - http-bio-8092-exec-4 5
127.0.0.1 - - [13/Jul/2018:18:57:21 +0800] "GET /images/5440ce68Na00d019e.jpg HTTP/1.0" 304 - http-bio-8092-exec-5 6
0:0:0:0:0:0:0:1 - - [13/Jul/2018:18:57:21 +0800] "GET /images/virtuals-20140606.png HTTP/1.0" 304 - http-bio-8092-exec-3 4
0:0:0:0:0:0:0:1 - - [13/Jul/2018:18:57:21 +0800] "GET /images/loading-jd.gif HTTP/1.0" 304 - http-bio-8092-exec-7 6
127.0.0.1 - - [13/Jul/2018:18:57:21 +0800] "GET /images/20130330B_1.png HTTP/1.0" 304 - http-bio-8092-exec-2 7
127.0.0.1 - - [13/Jul/2018:18:57:21 +0800] "GET /images/20130330C.png HTTP/1.0" 304 - http-bio-8092-exec-8 3
0:0:0:0:0:0:0:1 - - [13/Jul/2018:18:57:22 +0800] "GET /images/error-jd.gif HTTP/1.0" 304 - http-bio-8092-exec-6 3
127.0.0.1 - - [13/Jul/2018:18:57:22 +0800] "GET /images/543b4d75N686689d7.jpg HTTP/1.0" 304 - http-bio-8092-exec-9 4
0:0:0:0:0:0:0:1 - - [13/Jul/2018:18:57:34 +0800] "GET /user/login.html HTTP/1.0" 200 12393 http-bio-8092-exec-10 28
127.0.0.1 - - [13/Jul/2018:18:57:34 +0800] "GET /css/login.css HTTP/1.0" 304 - http-bio-8092-exec-1 4
0:0:0:0:0:0:0:1 - - [13/Jul/2018:18:57:34 +0800] "GET /js/login/g.base.js HTTP/1.0" 304 - http-bio-8092-exec-4 4
127.0.0.1 - - [13/Jul/2018:18:57:35 +0800] "GET /js/login/jdEdit.js HTTP/1.0" 304 - http-bio-8092-exec-5 5
0:0:0:0:0:0:0:1 - - [13/Jul/2018:18:57:35 +0800] "GET /js/login/login.js HTTP/1.0" 304 - http-bio-8092-exec-3 5
127.0.0.1 - - [13/Jul/2018:18:57:35 +0800] "GET /js/login/jdThickBox.js HTTP/1.0" 304 - http-bio-8092-exec-5 4
0:0:0:0:0:0:0:1 - - [13/Jul/2018:18:57:35 +0800] "GET /js/login/checkClient.js HTTP/1.0" 304 - http-bio-8092-exec-2 3
127.0.0.1 - - [13/Jul/2018:18:57:35 +0800] "GET /images/login-all-bg.png HTTP/1.0" 304 - http-bio-8092-exec-8 9
0:0:0:0:0:0:0:1 - - [13/Jul/2018:18:57:35 +0800] "GET /images/544a11d3Na5a3d566.png HTTP/1.0" 304 - http-bio-8092-exec-6 7
127.0.0.1 - - [13/Jul/2018:18:57:43 +0800] "GET /images/sucess.png HTTP/1.0" 304 - http-bio-8092-exec-9 4
0:0:0:0:0:0:0:1 - - [13/Jul/2018:18:57:49 +0800] "POST /service/user/doLogin?r=0.8917814572462734 HTTP/1.0" 200 64 http-bio-8092-exec-10 1977
127.0.0.1 - - [13/Jul/2018:18:58:38 +0800] "POST /service/user/doLogin?r=0.03059750606618805 HTTP/1.0" 200 47 http-bio-8092-exec-4 100
0:0:0:0:0:0:0:1 - - [13/Jul/2018:18:58:38 +0800] "GET /index.html HTTP/1.0" 200 107045 http-bio-8092-exec-1 25
127.0.0.1 - - [13/Jul/2018:18:59:21 +0800] "GET /user/logout.html HTTP/1.0" 302 - http-bio-8092-exec-3 21
0:0:0:0:0:0:0:1 - - [13/Jul/2018:18:59:21 +0800] "GET /index.html HTTP/1.0" 200 107045 http-bio-8092-exec-7 22
127.0.0.1 - - [13/Jul/2018:18:59:26 +0800] "GET /user/login.html HTTP/1.0" 200 12393 http-bio-8092-exec-5 11
0:0:0:0:0:0:0:1 - - [13/Jul/2018:18:59:30 +0800] "POST /service/user/doLogin?r=0.8659977634721387 HTTP/1.0" 200 64 http-bio-8092-exec-2 27
127.0.0.1 - - [13/Jul/2018:19:06:22 +0800] "GET /user/register.html HTTP/1.0" 200 25538 http-bio-8092-exec-8 41
0:0:0:0:0:0:0:1 - - [13/Jul/2018:19:06:22 +0800] "GET /css/regist.personal.css HTTP/1.0" 304 - http-bio-8092-exec-6 3
127.0.0.1 - - [13/Jul/2018:19:06:22 +0800] "GET /css/passport.base.css HTTP/1.0" 304 - http-bio-8092-exec-9 5
0:0:0:0:0:0:0:1 - - [13/Jul/2018:19:06:22 +0800] "GET /images/phone-bg.jpg HTTP/1.0" 304 - http-bio-8092-exec-10 7
127.0.0.1 - - [13/Jul/2018:19:06:22 +0800] "GET /js/register/jd.lib.js HTTP/1.0" 304 - http-bio-8092-exec-9 8
0:0:0:0:0:0:0:1 - - [13/Jul/2018:19:06:23 +0800] "GET /js/register/jdThickBox.js HTTP/1.0" 304 - http-bio-8092-exec-1 9
127.0.0.1 - - [13/Jul/2018:19:06:23 +0800] "GET /js/register/jdValidate.js HTTP/1.0" 304 - http-bio-8092-exec-3 7
0:0:0:0:0:0:0:1 - - [13/Jul/2018:19:06:23 +0800] "GET /js/register/jdValidate.emReg.js HTTP/1.0" 304 - http-bio-8092-exec-7 4
127.0.0.1 - - [13/Jul/2018:19:06:23 +0800] "GET /js/register/jdValidate.regSuccess.js HTTP/1.0" 304 - http-bio-8092-exec-5 3
0:0:0:0:0:0:0:1 - - [13/Jul/2018:19:06:23 +0800] "GET /images/one5.jpg HTTP/1.0" 304 - http-bio-8092-exec-2 4
127.0.0.1 - - [13/Jul/2018:19:06:23 +0800] "GET /images/one4.jpg HTTP/1.0" 304 - http-bio-8092-exec-8 8
0:0:0:0:0:0:0:1 - - [13/Jul/2018:19:06:23 +0800] "GET /images/regist-word.png HTTP/1.0" 304 - http-bio-8092-exec-6 6
127.0.0.1 - - [13/Jul/2018:19:06:23 +0800] "GET /images/20130330A.png HTTP/1.0" 304 - http-bio-8092-exec-2 6
0:0:0:0:0:0:0:1 - - [13/Jul/2018:19:06:23 +0800] "GET /images/regist-btn.jpg HTTP/1.0" 304 - http-bio-8092-exec-10 3
127.0.0.1 - - [13/Jul/2018:19:06:23 +0800] "GET /images/one6.jpg HTTP/1.0" 304 - http-bio-8092-exec-9 6
0:0:0:0:0:0:0:1 - - [13/Jul/2018:19:08:33 +0800] "GET /user/login.html HTTP/1.0" 200 12393 http-bio-8092-exec-1 12
127.0.0.1 - - [13/Jul/2018:19:08:38 +0800] "GET /index.html HTTP/1.0" 200 107045 http-bio-8092-exec-3 25
0:0:0:0:0:0:0:1 - - [13/Jul/2018:19:08:39 +0800] "GET /cart/show.html HTTP/1.0" 200 20501 http-bio-8092-exec-5 110
127.0.0.1 - - [13/Jul/2018:19:08:46 +0800] "POST /service/cart/update/num/562379/2 HTTP/1.0" 302 - http-bio-8092-exec-7 97
0:0:0:0:0:0:0:1 - - [13/Jul/2018:19:08:46 +0800] "GET /cart/show.html HTTP/1.0" 200 20501 http-bio-8092-exec-4 36
127.0.0.1 - - [13/Jul/2018:19:08:53 +0800] "POST /service/cart/update/num/562379/3 HTTP/1.0" 302 - http-bio-8092-exec-8 75
0:0:0:0:0:0:0:1 - - [13/Jul/2018:19:08:53 +0800] "GET /cart/show.html HTTP/1.0" 200 20503 http-bio-8092-exec-6 40
127.0.0.1 - - [13/Jul/2018:19:09:34 +0800] "POST /service/cart/update/num/562379/2 HTTP/1.0" 302 - http-bio-8092-exec-2 65
0:0:0:0:0:0:0:1 - - [13/Jul/2018:19:09:34 +0800] "GET /cart/show.html HTTP/1.0" 200 20501 http-bio-8092-exec-10 38
127.0.0.1 - - [13/Jul/2018:19:09:35 +0800] "POST /service/cart/update/num/562379/1 HTTP/1.0" 302 - http-bio-8092-exec-9 62
0:0:0:0:0:0:0:1 - - [13/Jul/2018:19:09:35 +0800] "GET /cart/show.html HTTP/1.0" 200 20501 http-bio-8092-exec-1 28
127.0.0.1 - - [13/Jul/2018:20:34:24 +0800] "POST /service/cart/update/num/562379/2 HTTP/1.0" 302 - http-bio-8092-exec-3 178
0:0:0:0:0:0:0:1 - - [13/Jul/2018:20:34:24 +0800] "GET /cart/show.html HTTP/1.0" 200 20501 http-bio-8092-exec-5 65
127.0.0.1 - - [13/Jul/2018:20:34:24 +0800] "POST /service/cart/update/num/562379/3 HTTP/1.0" 302 - http-bio-8092-exec-7 53
0:0:0:0:0:0:0:1 - - [13/Jul/2018:20:34:24 +0800] "GET /cart/show.html HTTP/1.0" 200 20503 http-bio-8092-exec-4 38
127.0.0.1 - - [13/Jul/2018:20:34:26 +0800] "POST /service/cart/update/num/562379/2 HTTP/1.0" 302 - http-bio-8092-exec-8 84
0:0:0:0:0:0:0:1 - - [13/Jul/2018:20:34:26 +0800] "GET /cart/show.html HTTP/1.0" 200 20501 http-bio-8092-exec-6 34
127.0.0.1 - - [13/Jul/2018:20:34:26 +0800] "POST /service/cart/update/num/562379/1 HTTP/1.0" 302 - http-bio-8092-exec-2 50
0:0:0:0:0:0:0:1 - - [13/Jul/2018:20:34:26 +0800] "GET /cart/show.html HTTP/1.0" 200 20501 http-bio-8092-exec-10 24
127.0.0.1 - - [13/Jul/2018:20:34:30 +0800] "GET /cart/delete/562379.html HTTP/1.0" 302 - http-bio-8092-exec-9 85
0:0:0:0:0:0:0:1 - - [13/Jul/2018:20:34:30 +0800] "GET /cart/show.html HTTP/1.0" 200 18291 http-bio-8092-exec-1 39
127.0.0.1 - - [13/Jul/2018:20:35:11 +0800] "GET /items/562379.html HTTP/1.0" 200 43427 http-bio-8092-exec-3 355
0:0:0:0:0:0:0:1 - - [13/Jul/2018:20:35:12 +0800] "GET /css/pshow.css HTTP/1.0" 304 - http-bio-8092-exec-5 6
127.0.0.1 - - [13/Jul/2018:20:35:12 +0800] "GET /js/product.js HTTP/1.0" 304 - http-bio-8092-exec-7 8
0:0:0:0:0:0:0:1 - - [13/Jul/2018:20:35:12 +0800] "GET /js/iplocation_server.js HTTP/1.0" 304 - http-bio-8092-exec-4 16
127.0.0.1 - - [13/Jul/2018:20:35:12 +0800] "GET /images/newicon20140417.png HTTP/1.0" 304 - http-bio-8092-exec-8 5
0:0:0:0:0:0:0:1 - - [13/Jul/2018:20:35:12 +0800] "GET /images/tab.png HTTP/1.0" 304 - http-bio-8092-exec-6 4
127.0.0.1 - - [13/Jul/2018:20:35:12 +0800] "GET /images/p-btns-20140611.png HTTP/1.0" 304 - http-bio-8092-exec-2 4
0:0:0:0:0:0:0:1 - - [13/Jul/2018:20:35:14 +0800] "GET /items/1468203906.html HTTP/1.0" 200 32589 http-bio-8092-exec-10 71
127.0.0.1 - - [13/Jul/2018:20:35:17 +0800] "GET /images/loading.gif HTTP/1.0" 304 - http-bio-8092-exec-9 3
0:0:0:0:0:0:0:1 - - [13/Jul/2018:20:36:07 +0800] "GET /items/562379.html HTTP/1.0" 200 43427 http-bio-8092-exec-1 58
127.0.0.1 - - [13/Jul/2018:20:36:10 +0800] "GET /items/1474391962.html HTTP/1.0" 200 37344 http-bio-8092-exec-3 50
0:0:0:0:0:0:0:1 - - [13/Jul/2018:20:36:19 +0800] "POST /cart/add/1474391962.html HTTP/1.0" 302 - http-bio-8092-exec-5 304
127.0.0.1 - - [13/Jul/2018:20:36:19 +0800] "GET /cart/show.html HTTP/1.0" 200 20541 http-bio-8092-exec-7 43
0:0:0:0:0:0:0:1 - - [13/Jul/2018:20:36:24 +0800] "POST /service/cart/update/num/1474391966/1 HTTP/1.0" 302 - http-bio-8092-exec-4 45
127.0.0.1 - - [13/Jul/2018:20:36:24 +0800] "GET /cart/show.html HTTP/1.0" 200 20541 http-bio-8092-exec-8 40
